2022-07-02 19:02:00,506--(sum of 40) 
